[ctlcompany.com/index.html]
[backblue.gif]
[fade.gif]
[index.html]
[ctlcompany.com/wp-content/uploads/2022/01/categoria-150x150.jpg]
[ctlcompany.com/feed/index.html]
[ctlcompany.com/comments/feed/index.html]
[ctlcompany.gumlet.io/wp-content/uploads/2021/09/basic_laboratory20c37.jpg]
[ctlcompany.gumlet.io/wp-content/uploads/2021/08/pepper0c37.jpg]
[ctlcompany.gumlet.io/wp-content/uploads/2021/08/labqunimica0c37.jpg]
[ctlcompany.com/wp-content/plugins/simple-google-recaptcha/sgr2efd.js]
[cdn.jsdelivr.net/npm/gumlet.js@2.1/dist/gumlet.min5b21.js]
[ctlcompany.com/wp-includes/js/jquery/jquery.minaf6c.js]
[ctlcompany.com/wp-includes/js/jquery/jquery-migrate.mind617.js]
[ctlcompany.com/wp-content/plugins/elementor/assets/lib/font-awesome/js/v4-shims.min1ac1.js]
[ctlcompany.com/wp-content/uploads/2021/08/logo2.jpg]
[ctlcompany.com/wp-content/plugins/gumlet/assets/images/pixel.png]
[ctlcompany.com/wp-content/uploads/2021/08/cropped-logo-1.png]
[ctlcompany.com/wp-content/uploads/2022/01/categoria.jpg]
[ctlcompany.com/nosotros/index.html]
[ctlcompany.com/blog/index.html]
[ctlcompany.com/productos/index.html]
[ctlcompany.com/wp-content/uploads/2022/01/invernaderos-inteligentes-e1642694651593.png]
[ctlcompany.com/contacto/index.html]
[ctlcompany.com/privacy-policy/index.html]
[ctlcompany.com/wp-content/uploads/2022/01/Microoscopio1-e1642694496869.png]
[ctlcompany.com/wp-content/uploads/2022/01/Imagen4-e1642694434775.png]
[ctlcompany.com/wp-content/uploads/2021/08/idiomas-e1642694550542.png]
[ctlcompany.com/wp-content/uploads/2021/08/location-salles-blanches-e1642694589564.jpg]
[ctlcompany.com/wp-content/themes/astra/assets/js/minified/frontend.min2e46.js]
[ctlcompany.com/wp-includes/js/dist/vendor/regenerator-runtime.min3937.js]
[ctlcompany.com/wp-includes/js/dist/vendor/wp-polyfill.min2c7c.js]
[ctlcompany.com/wp-content/plugins/woocommerce/assets/js/frontend/add-to-cart.min6c2d.js]
[ctlcompany.com/wp-content/plugins/woocommerce/assets/js/js-cookie/js.cookie.minf98d.js]
[ctlcompany.com/wp-content/plugins/woocommerce/assets/js/frontend/woocommerce.min6c2d.js]
[ctlcompany.com/wp-content/plugins/woocommerce/assets/js/frontend/cart-fragments.min6c2d.js]
[ctlcompany.com/wp-content/plugins/advanced-woo-search/assets/js/commona4b6.js]
[ctlcompany.com/wp-content/plugins/creame-whatsapp-me/public/js/joinchat.minface.js]
[www.google.com/recaptcha/api.37764e.delayed]
[ctlcompany.com/wp-content/plugins/elementor/assets/js/webpack.runtime.min1ac1.js]
[ctlcompany.com/wp-content/plugins/elementor/assets/js/frontend-modules.min1ac1.js]
[ctlcompany.com/wp-content/plugins/elementor/assets/lib/waypoints/waypoints.min05da.js]
[ctlcompany.com/wp-includes/js/jquery/ui/core.min0028.js]
[ctlcompany.com/wp-content/plugins/elementor/assets/js/frontend.min1ac1.js]
[ctlcompany.com/index.html]
[ctlcompany.com/wp-content/plugins/simple-google-recaptcha/sgr2efd.css]
[ctlcompany.com/wp-content/themes/astra/assets/css/minified/main.min2e46.css]
[ctlcompany.com/wp-includes/css/dist/block-library/style.min5b21.css]
[ctlcompany.com/wp-content/plugins/woocommerce/packages/woocommerce-blocks/build/wc-blocks-vendors-style8c3f.css]
[ctlcompany.com/wp-content/plugins/woocommerce/packages/woocommerce-blocks/build/wc-blocks-style8c3f.css]
[ctlcompany.com/wp-content/themes/astra/assets/css/minified/compatibility/woocommerce/woocommerce-layout-grid.min2e46.css]
[ctlcompany.com/wp-content/themes/astra/assets/css/minified/compatibility/woocommerce/woocommerce-smallscreen-grid.min2e46.css]
[ctlcompany.com/wp-content/plugins/woocommerce/assets/fonts/star.eot]
[ctlcompany.com/wp-content/plugins/woocommerce/assets/fonts/star.woff]
[ctlcompany.com/wp-content/plugins/woocommerce/assets/fonts/star.ttf]
[ctlcompany.com/wp-content/plugins/woocommerce/assets/fonts/WooCommerce.eot]
[ctlcompany.com/wp-content/plugins/woocommerce/assets/fonts/WooCommerced41d.eot]
[ctlcompany.com/wp-content/plugins/woocommerce/assets/fonts/WooCommerce.woff]
[ctlcompany.com/wp-content/plugins/woocommerce/assets/fonts/WooCommerce.ttf]
[ctlcompany.com/wp-content/plugins/woocommerce/assets/css/photoswipe/default-skin/default-skin.png]
[ctlcompany.com/wp-content/themes/astra/assets/css/minified/compatibility/woocommerce/woocommerce-grid.min2e46.css]
[ctlcompany.com/wp-content/plugins/advanced-woo-search/assets/css/commona4b6.css]
[ctlcompany.com/wp-content/plugins/creame-whatsapp-me/public/css/joinchat.minface.css]
[ctlcompany.com/wp-content/plugins/elementor/assets/lib/eicons/fonts/eicons1075.eot]
[ctlcompany.com/wp-content/plugins/elementor/assets/lib/eicons/fonts/eicons1075.woff2]
[ctlcompany.com/wp-content/plugins/elementor/assets/lib/eicons/fonts/eicons1075.woff]
[ctlcompany.com/wp-content/plugins/elementor/assets/lib/eicons/fonts/eicons1075.ttf]
[ctlcompany.com/wp-content/plugins/elementor/assets/lib/eicons/css/elementor-icons.min91ce.css]
[ctlcompany.com/wp-content/plugins/elementor/assets/css/frontend-lite.min1ac1.css]
[ctlcompany.gumlet.io/wp-content/uploads/2021/08/labqunimica0c37.html]
[ctlcompany.com/wp-content/plugins/elementor/assets/lib/font-awesome/webfonts/fa-brands-400.eot]
[ctlcompany.com/wp-content/plugins/elementor/assets/lib/font-awesome/webfonts/fa-brands-400d41d.eot]
[ctlcompany.com/wp-content/plugins/elementor/assets/lib/font-awesome/webfonts/fa-brands-400.woff2]
[ctlcompany.com/wp-content/plugins/elementor/assets/lib/font-awesome/webfonts/fa-brands-400.woff]
[ctlcompany.com/wp-content/plugins/elementor/assets/lib/font-awesome/webfonts/fa-brands-400.ttf]
[ctlcompany.com/wp-content/plugins/elementor/assets/lib/font-awesome/webfonts/fa-regular-400.eot]
[ctlcompany.com/wp-content/plugins/elementor/assets/lib/font-awesome/webfonts/fa-regular-400d41d.eot]
[ctlcompany.com/wp-content/plugins/elementor/assets/lib/font-awesome/webfonts/fa-regular-400.woff2]
[ctlcompany.com/wp-content/plugins/elementor/assets/lib/font-awesome/webfonts/fa-regular-400.woff]
[ctlcompany.com/wp-content/plugins/elementor/assets/lib/font-awesome/webfonts/fa-regular-400.ttf]
[ctlcompany.com/wp-content/plugins/elementor/assets/lib/font-awesome/webfonts/fa-solid-900.eot]
[ctlcompany.com/wp-content/plugins/elementor/assets/lib/font-awesome/webfonts/fa-solid-900d41d.eot]
[ctlcompany.com/wp-content/plugins/elementor/assets/lib/font-awesome/webfonts/fa-solid-900.woff2]
[ctlcompany.com/wp-content/plugins/elementor/assets/lib/font-awesome/webfonts/fa-solid-900.woff]
[ctlcompany.com/wp-content/plugins/elementor/assets/lib/font-awesome/webfonts/fa-solid-900.ttf]
[ctlcompany.com/wp-content/plugins/elementor/assets/lib/font-awesome/css/all.min1ac1.css]
[ctlcompany.com/wp-content/plugins/elementor/assets/lib/font-awesome/css/v4-shims.min1ac1.css]
[ctlcompany.com/wp-content/plugins/gdpr-cookie-compliance/dist/fonts/nunito-v8-latin-regular.eot]
[ctlcompany.com/wp-content/plugins/gdpr-cookie-compliance/dist/fonts/nunito-v8-latin-regulard41d.eot]
[ctlcompany.com/wp-content/plugins/gdpr-cookie-compliance/dist/fonts/nunito-v8-latin-regular.woff2]
[ctlcompany.com/wp-content/plugins/gdpr-cookie-compliance/dist/fonts/nunito-v8-latin-regular.woff]
[ctlcompany.com/wp-content/plugins/gdpr-cookie-compliance/dist/fonts/nunito-v8-latin-regular.ttf]
[ctlcompany.com/wp-content/plugins/gdpr-cookie-compliance/dist/fonts/nunito-v8-latin-700.eot]
[ctlcompany.com/wp-content/plugins/gdpr-cookie-compliance/dist/fonts/nunito-v8-latin-700d41d.eot]
[ctlcompany.com/wp-content/plugins/gdpr-cookie-compliance/dist/fonts/nunito-v8-latin-700.woff2]
[ctlcompany.com/wp-content/plugins/gdpr-cookie-compliance/dist/fonts/nunito-v8-latin-700.woff]
[ctlcompany.com/wp-content/plugins/gdpr-cookie-compliance/dist/fonts/nunito-v8-latin-700.ttf]
[ctlcompany.com/wp-content/plugins/gdpr-cookie-compliance/dist/styles/gdpr-maine506.css]
[ctlcompany.com/wp-content/plugins/elementor/assets/lib/font-awesome/css/fontawesome.min52d5.css]
[ctlcompany.com/wp-content/plugins/elementor/assets/lib/font-awesome/css/solid.min52d5.css]
[ctlcompany.com/wp-json/index.html]
[ctlcompany.com/wp-json/wp/v2/pages/60.json]
[ctlcompany.com/wp-json/oembed/1.0/embed2375.json]
[ctlcompany.com/wp-json/oembed/1.0/embed7ea6.json]
[ctlcompany.com/wp-content/uploads/2022/01/Imagen4.png]
[ctlcompany.com/productos/feed/index.html]
[ctlcompany.com/categoria-producto/bancos-didacticos/index.html]
[ctlcompany.com/productos/page/2/index.html]
[ctlcompany.com/wp-content/uploads/2021/08/3906.png]
[ctlcompany.com/categoria-producto/equipos-e-insumos-de-laboratorio/index.html]
[ctlcompany.com/wp-content/uploads/2021/08/idiomas.png]
[ctlcompany.com/categoria-producto/equipos-e-insumos-de-laboratorio/floculadores/index.html]
[ctlcompany.com/categoria-producto/laboratorios-de-idiomas/index.html]
[ctlcompany.com/wp-content/uploads/2021/08/location-salles-blanches.jpg]
[ctlcompany.com/categoria-producto/plantas-piloto-y-linea-agroindustrial/index.html]
[ctlcompany.com/categoria-producto/mobiliario-especializado/index.html]
[ctlcompany.com/categoria-producto/modelos-anatomicos-y-simuladores/index.html]
[ctlcompany.com/wp-content/uploads/2022/01/invernaderos-inteligentes.png]
[ctlcompany.com/productos/index.html]
[ctlcompany.com/wp-content/uploads/2021/07/page_head.jpg]
[ctlcompany.com/wp-content/uploads/2021/07/home_img.jpg]
[ctlcompany.com/blog/index.html]
[ctlcompany.com/anticipate-changing-patient-needs/index.html]
[ctlcompany.com/category/patient-needs/index.html]
[ctlcompany.com/stay-on-top-of-pharmacy-trends/index.html]
[ctlcompany.com/concienciacion-sobre-la-salud/index.html]
[ctlcompany.com/category/trends/index.html]
[ctlcompany.com/hello-world/index.html]
[ctlcompany.com/category/equipos-para-laboratorio/index.html]
[ctlcompany.com/category/uncategorized/index.html]
[ctlcompany.com/nosotros/index.html]
[ctlcompany.com/contacto/index.html]
[ctlcompany.com/privacy-policy/feed/index.html]
[ctlcompany.com/privacy-policy/index.html]
[ctlcompany.com/wp-content/plugins/elementor/assets/css/widget-icon-list.min.css]
[ctlcompany.com/wp-content/themes/astra/assets/css/minified/galleries.min2e46.css]
[www.google.com/recaptcha/api764e.html]
[ctlcompany.com/wp-content/plugins/woocommerce/assets/fonts/star.svg]
[ctlcompany.com/wp-content/plugins/woocommerce/assets/fonts/WooCommerce.svg]
[ctlcompany.com/wp-content/plugins/woocommerce/assets/images/icons/loader.svg]
[ctlcompany.com/wp-content/plugins/woocommerce/assets/images/icons/credit-cards/visa.svg]
[ctlcompany.com/wp-content/plugins/woocommerce/assets/images/icons/credit-cards/mastercard.svg]
[ctlcompany.com/wp-content/plugins/woocommerce/assets/images/icons/credit-cards/laser.svg]
[ctlcompany.com/wp-content/plugins/woocommerce/assets/images/icons/credit-cards/diners.svg]
[ctlcompany.com/wp-content/plugins/woocommerce/assets/images/icons/credit-cards/maestro.svg]
[ctlcompany.com/wp-content/plugins/woocommerce/assets/images/icons/credit-cards/jcb.svg]
[ctlcompany.com/wp-content/plugins/woocommerce/assets/images/icons/credit-cards/amex.svg]
[ctlcompany.com/wp-content/plugins/woocommerce/assets/images/icons/credit-cards/discover.svg]
[ctlcompany.com/wp-content/plugins/elementor/assets/lib/eicons/fonts/eicons1075.svg]
[ctlcompany.com/wp-content/plugins/elementor/assets/lib/font-awesome/webfonts/fa-brands-400.svg]
[ctlcompany.com/wp-content/plugins/gdpr-cookie-compliance/dist/scripts/maine506.js]
[ctlcompany.com/wp-content/plugins/elementor/assets/lib/font-awesome/webfonts/fa-regular-400.svg]
[ctlcompany.com/wp-content/plugins/elementor/assets/lib/font-awesome/webfonts/fa-solid-900.svg]
[ctlcompany.com/wp-content/plugins/gdpr-cookie-compliance/dist/fonts/nunito-v8-latin-regular.svg]
[ctlcompany.com/wp-content/plugins/gdpr-cookie-compliance/dist/fonts/nunito-v8-latin-700.svg]
[ctlcompany.com/wp-includes/wlwmanifest.xml]
[ctlcompany.com/productos/page/2/index.html]
[ctlcompany.com/wp-content/plugins/woocommerce/assets/fonts/stard41d.eot]
[ctlcompany.com/categoria-producto/bancos-didacticos/feed/index.html]
[ctlcompany.com/wp-content/uploads/2022/01/Imagen1.png]
[ctlcompany.com/producto/banco-didactico-de-circuitos/index.html]
[ctlcompany.com/wp-content/uploads/2022/01/bancodemaquina1.png]
[ctlcompany.com/producto/banco-didactico-de-logica-cableada-y-arranque-de-motores/index.html]
[ctlcompany.com/producto/banco-de-maquinas/index.html]
[ctlcompany.com/wp-content/uploads/2022/01/Imagen5.png]
[ctlcompany.com/categoria-producto/bancos-didacticos/index.html]
[ctlcompany.com/producto/banco-didactico-de-refrigeracion/index.html]
[ctlcompany.com/categoria-producto/equipos-e-insumos-de-laboratorio/page/2/index.html]
[ctlcompany.com/categoria-producto/equipos-e-insumos-de-laboratorio/feed/index.html]
[ctlcompany.com/wp-content/uploads/2022/03/Agitador-Mazzini.jpg]
[ctlcompany.com/wp-content/uploads/2022/01/AnalizadorParticulas.jpg]
[ctlcompany.com/producto/agitador-mazzini/index.html]
[ctlcompany.com/producto/analizador-de-particulas/index.html]
[ctlcompany.com/wp-content/uploads/2022/01/Autoclave.jpg]
[ctlcompany.com/wp-content/uploads/2022/03/balanza.jpg]
[ctlcompany.com/producto/autoclave-esterilizador/index.html]
[ctlcompany.com/wp-content/uploads/2022/03/bureta-digital.png]
[ctlcompany.com/producto/balanza-analitica/index.html]
[ctlcompany.com/producto/bureta-digital/index.html]
[ctlcompany.com/wp-content/uploads/2022/01/CamaraAscot.jpg]
[ctlcompany.com/producto/camara-climatica-3906/index.html]
[ctlcompany.com/producto/camara-de-niebla-salina/index.html]
[ctlcompany.com/wp-content/uploads/2022/01/Centrifugadora.jpg]
[ctlcompany.com/wp-content/uploads/2022/03/haier-ultra-congelador-DW-86L338J.jpg]
[ctlcompany.com/producto/centrifugadora/index.html]
[ctlcompany.com/producto/congelador-de-laboratorio/index.html]
[ctlcompany.com/wp-content/uploads/2021/08/Thermo-a1085.png]
[ctlcompany.com/producto/destilador-barnstead-thermo-scientific/index.html]
[ctlcompany.com/wp-content/uploads/2022/03/destilador-de-agua-modelo-dest-4-de-4-lt-hora-boe-8704000-boeco-aleman-analisis-de-aguas.jpg]
[ctlcompany.com/producto/destilador-de-agua/index.html]
[ctlcompany.com/wp-content/uploads/2022/01/espectrofotometro.jpg]
[ctlcompany.com/categoria-producto/equipos-e-insumos-de-laboratorio/index.html]
[ctlcompany.com/producto/espectrofotometro/index.html]
[ctlcompany.com/categoria-producto/equipos-e-insumos-de-laboratorio/floculadores/feed/index.html]
[ctlcompany.com/wp-content/uploads/2021/08/floculador-F105A0112.jpg]
[ctlcompany.com/producto/floculador-fc6s-con-posiciones-independientes-serie-fc-s-100-240-v-50-60-hz-velp-scientifica-f105a0112/index.html]
[ctlcompany.com/wp-content/uploads/2021/08/1.png]
[ctlcompany.com/categoria-producto/equipos-e-insumos-de-laboratorio/floculadores/index.html]
[ctlcompany.com/producto/floculador-portatil100-240-v-50-60-hz-velp-scientific-f105a0117/index.html]
[ctlcompany.com/categoria-producto/laboratorios-de-idiomas/feed/index.html]
[ctlcompany.com/wp-content/uploads/2021/08/Tell_Me_More_online_profesional.jpg]
[ctlcompany.com/categoria-producto/laboratorios-de-idiomas/index.html]
[ctlcompany.com/producto/tel-me-more/index.html]
[ctlcompany.com/categoria-producto/mobiliario-especializado/feed/index.html]
[ctlcompany.com/wp-content/uploads/2022/01/almacenamiento.jpg]
[ctlcompany.com/producto/almacenamiento/index.html]
[ctlcompany.com/wp-content/uploads/2022/01/mobiliario1.jpg]
[ctlcompany.com/categoria-producto/mobiliario-especializado/index.html]
[ctlcompany.com/producto/superficies/index.html]
[ctlcompany.com/categoria-producto/modelos-anatomicos-y-simuladores/feed/index.html]
[ctlcompany.com/wp-content/uploads/2022/01/a3bs.jpg]
[ctlcompany.com/categoria-producto/modelos-anatomicos-y-simuladores/index.html]
[ctlcompany.com/producto/simulacion-dinamica-o-estatica/index.html]
[ctlcompany.com/categoria-producto/plantas-piloto-y-linea-agroindustrial/index.html]
[ctlcompany.com/categoria-producto/plantas-piloto-y-linea-agroindustrial/feed/index.html]
[ctlcompany.com/anticipate-changing-patient-needs/feed/index.html]
[ctlcompany.com/producto/invernadero-inteligente/index.html]
[ctlcompany.com/wp-includes/js/comment-reply.min5b21.js]
[www.recaptcha.net/recaptcha/apidf36.js]
[ctlcompany.com/anticipate-changing-patient-needs/index.html]
[ctlcompany.com/category/patient-needs/index.html]
[ctlcompany.com/category/patient-needs/feed/index.html]
[ctlcompany.com/stay-on-top-of-pharmacy-trends/feed/index.html]
[www.recaptcha.net/recaptcha/apic643.js]
[ctlcompany.com/stay-on-top-of-pharmacy-trends/index.html]
[ctlcompany.com/category/trends/index.html]
[ctlcompany.com/author/soporteti/index.html]
[ctlcompany.com/category/trends/feed/index.html]
[ctlcompany.com/concienciacion-sobre-la-salud/feed/index.html]
[www.recaptcha.net/recaptcha/apicf6a.js]
[ctlcompany.com/concienciacion-sobre-la-salud/index.html]
[ctlcompany.com/category/equipos-para-laboratorio/feed/index.html]
[ctlcompany.com/category/equipos-para-laboratorio/index.html]
[ctlcompany.com/hello-world/feed/index.html]
[ctlcompany.com/hello-world/index.html]
[ctlcompany.com/category/uncategorized/index.html]
[ctlcompany.com/wp-json/wp/v2/pages/150.json]
[ctlcompany.com/index56d6.html]
[ctlcompany.com/wp-json/oembed/1.0/embed9199.json]
[ctlcompany.com/wp-json/oembed/1.0/embed32fa.json]
[ctlcompany.com/wp-content/plugins/elementor/assets/lib/font-awesome/css/brands.min52d5.css]
[ctlcompany.com/wp-json/wp/v2/pages/175.json]
[ctlcompany.com/indexa09e.html]
[ctlcompany.com/wp-json/oembed/1.0/embedd2af.json]
[ctlcompany.com/wp-json/oembed/1.0/embed14d0.json]
[ctlcompany.com/wp-content/plugins/elementor/assets/lib/animations/animations.min1ac1.css]
[ctlcompany.com/wp-json/wp/v2/pages/3.json]
[ctlcompany.com/index2207.html]
[ctlcompany.com/wp-json/oembed/1.0/embed5b27.json]
[ctlcompany.com/wp-json/oembed/1.0/embeda603.json]
[ctlcompany.com/wp-content/plugins/contact-form-7/includes/css/styles4c7e.html]
[ctlcompany.com/wp-content/themes/astra/assets/css/minified/compatibility/contact-form-7-main.min2e46.css]
[ctlcompany.com/xmlrpc0db0.html]
[ctlcompany.com/wp-content/plugins/woocommerce/assets/js/jquery-blockui/jquery.blockUI.min15df.js]
[ctlcompany.com/wp-json/wp/v2/product_cat/34.json]
[ctlcompany.com/productos/page/3/index.html]
[ctlcompany.com/category/uncategorized/feed/index.html]
[ctlcompany.com/wp-content/uploads/2022/01/Imagen2.png]
[ctlcompany.com/wp-content/uploads/2022/01/Imagen3.png]
[ctlcompany.com/wp-content/plugins/woocommerce/assets/js/zoom/jquery.zoom.min5877.js]
[ctlcompany.com/wp-content/plugins/woocommerce/assets/js/flexslider/jquery.flexslider.min9406.js]
[ctlcompany.com/wp-content/plugins/woocommerce/assets/js/photoswipe/photoswipe.mine6ee.js]
[ctlcompany.com/wp-content/plugins/woocommerce/assets/js/photoswipe/photoswipe-ui-default.mine6ee.js]
[ctlcompany.com/wp-content/plugins/woocommerce/assets/js/frontend/single-product.min6c2d.js]
[ctlcompany.com/wp-includes/js/jquery/ui/mouse.min0028.js]
[ctlcompany.com/wp-includes/js/jquery/ui/resizable.min0028.js]
[ctlcompany.com/wp-includes/js/jquery/ui/draggable.min0028.js]
[ctlcompany.com/wp-includes/js/jquery/ui/controlgroup.min0028.js]
[ctlcompany.com/wp-includes/js/jquery/ui/checkboxradio.min0028.js]
[ctlcompany.com/wp-includes/js/jquery/ui/button.min0028.js]
[ctlcompany.com/wp-includes/js/jquery/ui/dialog.min0028.js]
[ctlcompany.com/wp-content/plugins/product-enquiry-for-woocommerce/assets/common/js/wdm_jquery.validate.min005e.js]
[ctlcompany.com/wp-content/plugins/product-enquiry-for-woocommerce/assets/public/js/enquiry_validate005e.js]
[ctlcompany.com/producto/banco-didactico-de-circuitos/index.html]
[ctlcompany.com/wp-content/uploads/2022/01/Imagen4-1024x978.png]
[ctlcompany.com/producto/banco-didactico-de-logica-cableada-y-arranque-de-motores/index.html]
[ctlcompany.com/producto/banco-de-maquinas/index.html]
[ctlcompany.com/wp-content/uploads/2022/01/Imagen5-1024x887.png]
[ctlcompany.com/producto/banco-didactico-de-refrigeracion/index.html]
[ctlcompany.com/wp-content/uploads/2022/03/homogenizador.jpg]
[ctlcompany.com/producto/homogenizador/index.html]
[ctlcompany.com/wp-content/uploads/2022/01/Impresora3d.jpg]
[ctlcompany.com/producto/impresion-3d/index.html]
[ctlcompany.com/wp-content/uploads/2022/03/incubadora-co2-300x300.webp]
[ctlcompany.com/producto/incubadora-de-co2/index.html]
[ctlcompany.com/wp-content/uploads/2022/03/Tensiometro-TD4-1.jpg]
[ctlcompany.com/producto/medidor-de-tension-superficial/index.html]
[ctlcompany.com/wp-content/uploads/2022/01/Microoscopio1.png]
[ctlcompany.com/producto/microoscopio/index.html]
[ctlcompany.com/wp-content/uploads/2022/03/Pipeta-Automatica-300x300.webp]
[ctlcompany.com/producto/pipeta-automatica/index.html]
[ctlcompany.com/wp-content/uploads/2022/03/Sistema-purificador-de-agua.png]
[ctlcompany.com/producto/sistemas-purificadores-de-agua/index.html]
[ctlcompany.com/wp-content/uploads/2022/01/Tamizadora.png]
[ctlcompany.com/producto/tamizadora/index.html]
[ctlcompany.com/wp-content/uploads/2022/01/PCR.jpg]
[ctlcompany.com/wp-content/uploads/2021/08/1-1.png]
[ctlcompany.com/categoria-producto/equipos-e-insumos-de-laboratorio/page/2/index.html]
[ctlcompany.com/wp-json/wp/v2/product_cat/32.json]
[ctlcompany.com/producto/termociclador/index.html]
[ctlcompany.com/producto/tubos-con-codigo-de-barras/index.html]
[ctlcompany.com/producto/agitador-mazzini/index.html]
[ctlcompany.com/producto/analizador-de-particulas/index.html]
[ctlcompany.com/producto/autoclave-esterilizador/index.html]
[ctlcompany.com/producto/balanza-analitica/index.html]
[ctlcompany.com/producto/bureta-digital/index.html]
[ctlcompany.com/producto/camara-climatica-3906/index.html]
[ctlcompany.com/producto/camara-de-niebla-salina/index.html]
[ctlcompany.com/producto/centrifugadora/index.html]
[ctlcompany.com/producto/congelador-de-laboratorio/index.html]
[ctlcompany.com/producto/destilador-barnstead-thermo-scientific/index.html]
[ctlcompany.com/producto/destilador-de-agua/index.html]
[ctlcompany.com/producto/espectrofotometro/index.html]
[ctlcompany.com/wp-json/wp/v2/product_cat/37.json]
[ctlcompany.com/producto/floculador-fc6s-con-posiciones-independientes-serie-fc-s-100-240-v-50-60-hz-velp-scientifica-f105a0112/index.html]
[ctlcompany.com/producto/floculador-portatil100-240-v-50-60-hz-velp-scientific-f105a0117/index.html]
[ctlcompany.com/wp-json/wp/v2/product_cat/30.json]
[ctlcompany.com/producto/tel-me-more/index.html]
[ctlcompany.com/wp-json/wp/v2/product_cat/26.json]
[ctlcompany.com/producto/almacenamiento/index.html]
[ctlcompany.com/producto/superficies/index.html]
[ctlcompany.com/wp-json/wp/v2/product_cat/29.json]
[ctlcompany.com/wp-content/uploads/2022/01/Imagen5-1.png]
[ctlcompany.com/wp-content/uploads/2022/01/Imagen6.png]
[ctlcompany.com/wp-content/uploads/2022/01/Imagen7.png]
[ctlcompany.com/wp-content/uploads/2022/01/Imagen9.png]
[ctlcompany.com/wp-content/uploads/2022/01/musculos.jpg]
[ctlcompany.com/wp-content/uploads/2022/01/embarazo.jpg]
[ctlcompany.com/wp-content/uploads/2022/01/pez.jpg]
[ctlcompany.com/wp-content/uploads/2022/01/torso.jpg]
[ctlcompany.com/wp-content/uploads/2022/01/ecocardio.jpg]
[ctlcompany.com/producto/simulacion-dinamica-o-estatica/index.html]
[ctlcompany.com/wp-json/wp/v2/product_cat/38.json]
[ctlcompany.com/producto/invernadero-inteligente/index.html]
[ctlcompany.com/wp-json/wp/v2/posts/55.json]
[ctlcompany.com/index8054.html]
[ctlcompany.com/wp-json/oembed/1.0/embed248b.json]
[ctlcompany.com/wp-json/oembed/1.0/embedc108.json]
[ctlcompany.com/wp-json/wp/v2/categories/4.json]
[ctlcompany.com/wp-json/wp/v2/posts/54.json]
[ctlcompany.com/indexcc0f.html]
[ctlcompany.com/wp-json/oembed/1.0/embed08ec.json]
[ctlcompany.com/wp-json/oembed/1.0/embede7c6.json]
[ctlcompany.com/wp-json/wp/v2/categories/5.json]
[ctlcompany.com/wp-json/wp/v2/posts/53.json]
[ctlcompany.com/index5fb3.html]
[ctlcompany.com/wp-json/oembed/1.0/embedc7cf.json]
[ctlcompany.com/wp-json/oembed/1.0/embedba1a.json]
[ctlcompany.com/wp-json/wp/v2/categories/3.json]
[ctlcompany.com/wp-json/wp/v2/posts/1.json]
[ctlcompany.com/indexcff1.html]
[ctlcompany.com/wp-json/oembed/1.0/embed1656.json]
[ctlcompany.com/wp-json/oembed/1.0/embed75ee.json]
[ctlcompany.com/wp-json/wp/v2/categories/1.json]
[ctlcompany.com/wp-content/plugins/contact-form-7/includes/js/index4c7e.html]
[ctlcompany.com/wp-content/plugins/contact-form-7/modules/recaptcha/index4c7e.html]
[ctlcompany.com/productos/page/3/index.html]
[ctlcompany.com/wp-content/plugins/woocommerce/assets/css/photoswipe/default-skin/preloader.gif]
[ctlcompany.com/wp-content/plugins/woocommerce/assets/css/photoswipe/default-skin/default-skin.min6c2d.css]
[ctlcompany.com/wp-json/wp/v2/product/505.json]
[ctlcompany.com/index9b9e.html]
[ctlcompany.com/wp-json/oembed/1.0/embeddc78.json]
[ctlcompany.com/wp-json/oembed/1.0/embedebbd.json]
[ctlcompany.com/wp-json/wp/v2/product/510.json]
[ctlcompany.com/index912b.html]
[ctlcompany.com/wp-json/oembed/1.0/embeddea0.json]
[ctlcompany.com/wp-json/oembed/1.0/embed342c.json]
[ctlcompany.com/wp-json/wp/v2/product/515.json]
[ctlcompany.com/indexd073.html]
[ctlcompany.com/wp-json/oembed/1.0/embedb182.json]
[ctlcompany.com/wp-json/oembed/1.0/embed398a.json]
[ctlcompany.com/wp-json/wp/v2/product/513.json]
[ctlcompany.com/index3dea.html]
[ctlcompany.com/wp-json/oembed/1.0/embed7551.json]
[ctlcompany.com/wp-json/oembed/1.0/embed5c91.json]
[ctlcompany.com/producto/homogenizador/index.html]
[ctlcompany.com/producto/impresion-3d/index.html]
[ctlcompany.com/wp-content/uploads/2022/03/incubadora-co2.webp]
[ctlcompany.com/wp-content/uploads/2022/03/incubadora-co2-600x360.webp]
[ctlcompany.com/producto/incubadora-de-co2/index.html]
[ctlcompany.com/producto/medidor-de-tension-superficial/index.html]
[ctlcompany.com/producto/microoscopio/index.html]
[ctlcompany.com/wp-content/uploads/2022/03/Pipeta-Automatica.webp]
[ctlcompany.com/wp-content/uploads/2022/03/Pipeta-Automatica-600x681.webp]
[ctlcompany.com/producto/pipeta-automatica/index.html]
[ctlcompany.com/producto/sistemas-purificadores-de-agua/index.html]
[ctlcompany.com/producto/tamizadora/index.html]
[ctlcompany.com/producto/termociclador/index.html]
[ctlcompany.com/wp-content/uploads/2021/08/3.png]
[ctlcompany.com/wp-content/uploads/2021/08/2.png]
[ctlcompany.com/producto/tubos-con-codigo-de-barras/index.html]
[ctlcompany.com/categoria-producto/equipos-e-insumos-de-laboratorio/page/1/index.html]
[ctlcompany.com/wp-json/wp/v2/product/666.json]
[ctlcompany.com/index197a.html]
[ctlcompany.com/wp-json/oembed/1.0/embed7d15.json]
[ctlcompany.com/wp-json/oembed/1.0/embedda33.json]
[ctlcompany.com/wp-json/wp/v2/product/573.json]
[ctlcompany.com/indexa1e2.html]
[ctlcompany.com/wp-json/oembed/1.0/embed2229.json]
[ctlcompany.com/wp-json/oembed/1.0/embed38d3.json]
[ctlcompany.com/wp-json/wp/v2/product/556.json]
[ctlcompany.com/indexa215.html]
[ctlcompany.com/wp-json/oembed/1.0/embed698d.json]
[ctlcompany.com/wp-json/oembed/1.0/embed4de6.json]
[ctlcompany.com/wp-json/wp/v2/product/686.json]
[ctlcompany.com/index3f66.html]
[ctlcompany.com/wp-json/oembed/1.0/embed15c2.json]
[ctlcompany.com/wp-json/oembed/1.0/embed183f.json]
[ctlcompany.com/wp-json/wp/v2/product/679.json]
[ctlcompany.com/indexb4ec.html]
[ctlcompany.com/wp-json/oembed/1.0/embed2b79.json]
[ctlcompany.com/wp-json/oembed/1.0/embed24f8.json]
[ctlcompany.com/wp-json/wp/v2/product/403.json]
[ctlcompany.com/index23ea.html]
[ctlcompany.com/wp-json/oembed/1.0/embedd65b.json]
[ctlcompany.com/wp-json/oembed/1.0/embedfe05.json]
[ctlcompany.com/wp-json/wp/v2/product/561.json]
[ctlcompany.com/index4e57.html]
[ctlcompany.com/wp-json/oembed/1.0/embed0beb.json]
[ctlcompany.com/wp-json/oembed/1.0/embed6d31.json]
[ctlcompany.com/wp-json/wp/v2/product/559.json]
[ctlcompany.com/index45ff.html]
[ctlcompany.com/wp-json/oembed/1.0/embed23f7.json]
[ctlcompany.com/wp-json/oembed/1.0/embed7107.json]
[ctlcompany.com/wp-json/wp/v2/product/688.json]
[ctlcompany.com/index5723.html]
[ctlcompany.com/wp-json/oembed/1.0/embed415c.json]
[ctlcompany.com/wp-json/oembed/1.0/embed4d4d.json]
[ctlcompany.com/wp-json/wp/v2/product/435.json]
[ctlcompany.com/index6205.html]
[ctlcompany.com/wp-json/oembed/1.0/embeda72e.json]
[ctlcompany.com/wp-json/oembed/1.0/embedbc0b.json]
[ctlcompany.com/wp-json/wp/v2/product/684.json]
[ctlcompany.com/indexff9b.html]
[ctlcompany.com/wp-json/oembed/1.0/embedc10c.json]
[ctlcompany.com/wp-json/oembed/1.0/embed3fc0.json]
[ctlcompany.com/wp-json/wp/v2/product/567.json]
[ctlcompany.com/index246f.html]
[ctlcompany.com/wp-json/oembed/1.0/embedb534.json]
[ctlcompany.com/wp-json/oembed/1.0/embede227.json]
[ctlcompany.com/wp-json/wp/v2/product/399.json]
[ctlcompany.com/index0945.html]
[ctlcompany.com/wp-json/oembed/1.0/embed980a.json]
[ctlcompany.com/wp-json/oembed/1.0/embed1f6d.json]
[ctlcompany.com/wp-json/wp/v2/product/401.json]
[ctlcompany.com/indexfef8.html]
[ctlcompany.com/wp-json/oembed/1.0/embed303f.json]
[ctlcompany.com/wp-json/oembed/1.0/embed6489.json]
[ctlcompany.com/wp-json/wp/v2/product/416.json]
[ctlcompany.com/index5750.html]
[ctlcompany.com/wp-json/oembed/1.0/embed744f.json]
[ctlcompany.com/wp-json/oembed/1.0/embed0046.json]
[ctlcompany.com/wp-json/wp/v2/product/579.json]
[ctlcompany.com/indexc74d.html]
[ctlcompany.com/wp-json/oembed/1.0/embed71ba.json]
[ctlcompany.com/wp-json/oembed/1.0/embed3d02.json]
[ctlcompany.com/wp-json/wp/v2/product/546.json]
[ctlcompany.com/index4cfb.html]
[ctlcompany.com/wp-json/oembed/1.0/embedbb7a.json]
[ctlcompany.com/wp-json/oembed/1.0/embed82fb.json]
[ctlcompany.com/wp-json/wp/v2/product/520.json]
[ctlcompany.com/indexc37e.html]
[ctlcompany.com/wp-json/oembed/1.0/embed90d1.json]
[ctlcompany.com/wp-json/oembed/1.0/embed0653.json]
[ctlcompany.com/wp-json/wp/v2/product/544.json]
[ctlcompany.com/index044f.html]
[ctlcompany.com/wp-json/oembed/1.0/embed8719.json]
[ctlcompany.com/wp-json/oembed/1.0/embedcdd4.json]
[ctlcompany.com/xmlrpc.html]
[ctlcompany.com/wp-content/plugins/woocommerce/assets/css/photoswipe/photoswipe.min6c2d.css]
[ctlcompany.com/wp-content/plugins/woocommerce/assets/css/photoswipe/default-skin/default-skin.svg]
[ctlcompany.com/wp-json/wp/v2/product/674.json]
[ctlcompany.com/index030b.html]
[ctlcompany.com/wp-json/oembed/1.0/embed406e.json]
[ctlcompany.com/wp-json/oembed/1.0/embedb270.json]
[ctlcompany.com/wp-json/wp/v2/product/548.json]
[ctlcompany.com/index1dc8.html]
[ctlcompany.com/wp-json/oembed/1.0/embed62bd.json]
[ctlcompany.com/wp-json/oembed/1.0/embedc260.json]
[ctlcompany.com/wp-json/wp/v2/product/681.json]
[ctlcompany.com/index1565.html]
[ctlcompany.com/wp-json/oembed/1.0/embed7bde.json]
[ctlcompany.com/wp-json/oembed/1.0/embed763d.json]
[ctlcompany.com/wp-json/wp/v2/product/664.json]
[ctlcompany.com/index2fb6.html]
[ctlcompany.com/wp-json/oembed/1.0/embed4db5.json]
[ctlcompany.com/wp-json/oembed/1.0/embed4a93.json]
[ctlcompany.com/wp-json/wp/v2/product/554.json]
[ctlcompany.com/index0971.html]
[ctlcompany.com/wp-json/oembed/1.0/embed3261.json]
[ctlcompany.com/wp-json/oembed/1.0/embedb161.json]
[ctlcompany.com/wp-json/wp/v2/product/676.json]
[ctlcompany.com/index54f6.html]
[ctlcompany.com/wp-json/oembed/1.0/embed90d5.json]
[ctlcompany.com/wp-json/oembed/1.0/embedef66.json]
[ctlcompany.com/wp-json/wp/v2/product/668.json]
[ctlcompany.com/index1cc0.html]
[ctlcompany.com/wp-json/oembed/1.0/embedf33f.json]
[ctlcompany.com/wp-json/oembed/1.0/embed0504.json]
[ctlcompany.com/wp-json/wp/v2/product/575.json]
[ctlcompany.com/indexa379.html]
[ctlcompany.com/wp-json/oembed/1.0/embed2ccd.json]
[ctlcompany.com/wp-json/oembed/1.0/embed24b1.json]
[ctlcompany.com/wp-json/wp/v2/product/564.json]
[ctlcompany.com/index04f2.html]
[ctlcompany.com/wp-json/oembed/1.0/embed4117.json]
[ctlcompany.com/wp-json/oembed/1.0/embedea55.json]
[ctlcompany.com/wp-json/wp/v2/product/436.json]
[ctlcompany.com/indexc1f6.html]
[ctlcompany.com/wp-json/oembed/1.0/embede7cd.json]
[ctlcompany.com/wp-json/oembed/1.0/embed4e78.json]
[ctlcompany.com/wp-content/plugins/product-enquiry-for-woocommerce/assets/common/images/contact/loading.html]
[ctlcompany.com/wp-content/plugins/product-enquiry-for-woocommerce/assets/public/images/ui-bg_glass_65_ffffff_1x400.png]
[ctlcompany.com/wp-content/plugins/product-enquiry-for-woocommerce/assets/public/images/ui-bg_glass_55_fbf9ee_1x400.14d.delayed]
[ctlcompany.com/wp-content/plugins/product-enquiry-for-woocommerce/assets/public/images/ui-bg_glass_95_fef1ec_1x400.14e.delayed]
[ctlcompany.com/wp-content/plugins/product-enquiry-for-woocommerce/assets/public/images/ui-icons_222222_256x240.png]
[ctlcompany.com/wp-content/plugins/product-enquiry-for-woocommerce/assets/public/images/ui-icons_454545_256x240.png]
[ctlcompany.com/wp-content/plugins/product-enquiry-for-woocommerce/assets/public/images/ui-icons_2e83ff_256x240.151.delayed]
[ctlcompany.com/wp-content/plugins/product-enquiry-for-woocommerce/assets/public/images/ui-icons_cd0a0a_256x240.152.delayed]
[ctlcompany.com/wp-content/plugins/product-enquiry-for-woocommerce/assets/public/images/ui-bg_flat_0_aaaaaa_40x100.png]
[ctlcompany.com/wp-content/plugins/product-enquiry-for-woocommerce/assets/public/css/wdm-jquery-ui005e.css]
[ctlcompany.com/wp-content/plugins/product-enquiry-for-woocommerce/assets/public/images/ui-bg_glass_55_fbf9ee_1x400.html]
[ctlcompany.com/wp-content/plugins/product-enquiry-for-woocommerce/assets/public/images/ui-bg_glass_95_fef1ec_1x400.html]
[ctlcompany.com/wp-content/plugins/product-enquiry-for-woocommerce/assets/public/images/ui-icons_2e83ff_256x240.html]
[ctlcompany.com/wp-content/plugins/product-enquiry-for-woocommerce/assets/public/images/ui-icons_cd0a0a_256x240.html]
[ctlcompany.com/wp-content/plugins/product-enquiry-for-woocommerce/assets/public/images/close.svg]
